
> amen-events-ems@1.0.0 dev
> vite


  [32m[1mVITE[22m v5.4.21[39m  [2mready in [0m[1m785[22m[2m[0m ms[22m

  [32m➜[39m  [1mLocal[22m:   [36mhttp://localhost:[1m5173[22m/[39m
[2m  [32m➜[39m  [1mNetwork[22m[2m: use [22m[1m--host[22m[2m to expose[22m
[2m[32m  ➜[39m[22m[2m  press [22m[1mh + enter[22m[2m to show help[22m
[2m2:15:49 AM[22m [36m[1m[vite][22m[39m [32mhmr update [39m[2m/src/App.jsx, /src/index.css[22m
[2m2:20:57 AM[22m [36m[1m[vite][22m[39m [32mpage reload [39m[2mtailwind.config.js[22m
[2m2:21:02 AM[22m [36m[1m[vite][22m[39m [32mpage reload [39m[2mtailwind.config.js[22m
[2m2:21:10 AM[22m [36m[1m[vite][22m[39m [32mhmr update [39m[2m/src/index.css[22m
[2m2:21:18 AM[22m [36m[1m[vite][22m[39m [32mhmr update [39m[2m/src/pages/Login.jsx, /src/index.css[22m
[2m2:21:18 AM[22m [36m[1m[vite][22m[39m [32mhmr update [39m[2m/src/pages/Login.jsx, /src/index.css[22m
[2m2:21:33 AM[22m [36m[1m[vite][22m[39m [32mhmr update [39m[2m/src/pages/Dashboard.jsx, /src/index.css[22m
[2m2:21:33 AM[22m [36m[1m[vite][22m[39m [32mhmr update [39m[2m/src/pages/Reports.jsx, /src/index.css[22m
[2m2:21:33 AM[22m [36m[1m[vite][22m[39m [32mhmr update [39m[2m/src/pages/Finance.jsx, /src/index.css[22m
[2m2:21:33 AM[22m [36m[1m[vite][22m[39m [32mhmr update [39m[2m/src/pages/Ticketing.jsx, /src/index.css[22m
[2m2:21:39 AM[22m [36m[1m[vite][22m[39m [32mhmr update [39m[2m/src/pages/Ticketing.jsx, /src/index.css[22m
[2m2:25:52 AM[22m [36m[1m[vite][22m[39m [32mhmr update [39m[2m/src/index.css[22m
[2m2:25:56 AM[22m [36m[1m[vite][22m[39m [32mhmr update [39m[2m/src/index.css[22m
[2m2:26:00 AM[22m [36m[1m[vite][22m[39m [32mhmr update [39m[2m/src/components/layout/Sidebar.jsx, /src/index.css[22m
[2m2:26:03 AM[22m [36m[1m[vite][22m[39m [32mhmr update [39m[2m/src/pages/Login.jsx, /src/index.css[22m
[2m2:26:07 AM[22m [36m[1m[vite][22m[39m [32mhmr update [39m[2m/src/pages/Login.jsx, /src/index.css[22m
[2m2:26:12 AM[22m [36m[1m[vite][22m[39m [32mhmr update [39m[2m/src/pages/Dashboard.jsx, /src/index.css[22m
[2m2:26:12 AM[22m [36m[1m[vite][22m[39m [32mhmr update [39m[2m/src/pages/CheckIn.jsx, /src/index.css[22m
[2m2:26:12 AM[22m [36m[1m[vite][22m[39m [32mhmr update [39m[2m/src/pages/Ticketing.jsx, /src/index.css[22m
[2m2:26:12 AM[22m [36m[1m[vite][22m[39m [32mhmr update [39m[2m/src/pages/Events.jsx, /src/index.css[22m
[2m2:26:12 AM[22m [36m[1m[vite][22m[39m [32mhmr update [39m[2m/src/pages/Vendors.jsx, /src/index.css[22m
[2m2:26:12 AM[22m [36m[1m[vite][22m[39m [32mhmr update [39m[2m/src/pages/Sponsorship.jsx, /src/index.css[22m
[2m2:26:12 AM[22m [36m[1m[vite][22m[39m [32mhmr update [39m[2m/src/pages/CRM.jsx, /src/index.css[22m
[2m2:31:08 AM[22m [36m[1m[vite][22m[39m [32mhmr update [39m[2m/src/pages/Dashboard.jsx, /src/index.css[22m
[2m2:42:17 AM[22m [36m[1m[vite][22m[39m [32mhmr update [39m[2m/src/pages/CRM.jsx, /src/index.css[22m
[2m2:42:17 AM[22m [36m[1m[vite][22m[39m [32mhmr update [39m[2m/src/pages/Vendors.jsx, /src/index.css[22m
[2m2:42:17 AM[22m [36m[1m[vite][22m[39m [32mhmr update [39m[2m/src/pages/Events.jsx, /src/index.css[22m
[2m2:42:17 AM[22m [36m[1m[vite][22m[39m [32mhmr update [39m[2m/src/pages/Ticketing.jsx, /src/index.css[22m
[2m2:42:17 AM[22m [36m[1m[vite][22m[39m [32mhmr update [39m[2m/src/pages/CheckIn.jsx, /src/index.css[22m
[2m2:42:26 AM[22m [36m[1m[vite][22m[39m [32mhmr update [39m[2m/src/pages/Sponsorship.jsx, /src/index.css[22m
[2m2:42:26 AM[22m [36m[1m[vite][22m[39m [32mhmr update [39m[2m/src/pages/Sponsorship.jsx, /src/index.css[22m
[2m2:51:13 AM[22m [36m[1m[vite][22m[39m [32mpage reload [39m[2mtailwind.config.js[22m
[2m2:53:58 AM[22m [36m[1m[vite][22m[39m [32mpage reload [39m[2mtailwind.config.js[22m
[2m2:55:02 AM[22m [36m[1m[vite][22m[39m [32mhmr update [39m[2m/src/pages/CheckIn.jsx, /src/index.css[22m
[2m3:00:54 AM[22m [36m[1m[vite][22m[39m [32mpage reload [39m[2mtailwind.config.js[22m
[2m3:01:07 AM[22m [36m[1m[vite][22m[39m [32mpage reload [39m[2mtailwind.config.js[22m
[2m3:01:15 AM[22m [36m[1m[vite][22m[39m [32mpage reload [39m[2mtailwind.config.js[22m
[2m3:11:19 AM[22m [36m[1m[vite][22m[39m [32mhmr update [39m[2m/src/pages/Ticketing.jsx, /src/index.css[22m
[2m3:12:39 AM[22m [36m[1m[vite][22m[39m [32mhmr update [39m[2m/src/pages/Ticketing.jsx, /src/index.css[22m
[2m3:12:45 AM[22m [36m[1m[vite][22m[39m [32mhmr update [39m[2m/src/pages/Ticketing.jsx, /src/index.css[22m
[2m3:12:52 AM[22m [36m[1m[vite][22m[39m [32mhmr update [39m[2m/src/pages/Ticketing.jsx, /src/index.css[22m
[2m3:13:58 AM[22m [36m[1m[vite][22m[39m [32mhmr update [39m[2m/src/pages/Ticketing.jsx, /src/index.css[22m
[2m3:14:03 AM[22m [36m[1m[vite][22m[39m [32mhmr update [39m[2m/src/pages/Ticketing.jsx, /src/index.css[22m
[2m3:14:25 AM[22m [36m[1m[vite][22m[39m [32mhmr update [39m[2m/src/pages/Ticketing.jsx, /src/index.css[22m
[2m3:15:30 AM[22m [36m[1m[vite][22m[39m [32mhmr update [39m[2m/src/pages/CRM.jsx, /src/index.css[22m
[2m3:15:38 AM[22m [36m[1m[vite][22m[39m [32mhmr update [39m[2m/src/pages/CRM.jsx, /src/index.css[22m
[2m3:15:39 AM[22m [36m[1m[vite][22m[39m [32mhmr update [39m[2m/src/pages/CRM.jsx, /src/index.css[22m
[2m3:15:40 AM[22m [36m[1m[vite][22m[39m [32mhmr update [39m[2m/src/pages/CRM.jsx, /src/index.css[22m
[2m3:15:41 AM[22m [36m[1m[vite][22m[39m [32mhmr update [39m[2m/src/pages/CRM.jsx, /src/index.css[22m
[2m3:15:42 AM[22m [36m[1m[vite][22m[39m [32mhmr update [39m[2m/src/pages/CRM.jsx, /src/index.css[22m
[2m3:15:43 AM[22m [36m[1m[vite][22m[39m [32mhmr update [39m[2m/src/pages/CRM.jsx, /src/index.css[22m
[2m3:16:11 AM[22m [36m[1m[vite][22m[39m [32mhmr update [39m[2m/src/pages/Ticketing.jsx, /src/index.css[22m
[2m3:16:12 AM[22m [36m[1m[vite][22m[39m [32mhmr update [39m[2m/src/pages/Ticketing.jsx, /src/index.css[22m
[2m3:16:14 AM[22m [36m[1m[vite][22m[39m [32mhmr update [39m[2m/src/pages/Ticketing.jsx, /src/index.css[22m
[2m3:16:14 AM[22m [36m[1m[vite][22m[39m [32mhmr update [39m[2m/src/pages/Ticketing.jsx, /src/index.css[22m
[2m3:16:15 AM[22m [36m[1m[vite][22m[39m [32mhmr update [39m[2m/src/pages/Ticketing.jsx, /src/index.css[22m
[2m3:16:48 AM[22m [36m[1m[vite][22m[39m [32mhmr update [39m[2m/src/pages/Events.jsx, /src/index.css[22m
[2m3:16:48 AM[22m [36m[1m[vite][22m[39m [32mhmr update [39m[2m/src/pages/Events.jsx, /src/index.css[22m
[2m3:16:50 AM[22m [36m[1m[vite][22m[39m [32mhmr update [39m[2m/src/pages/Events.jsx, /src/index.css[22m
[2m3:16:51 AM[22m [36m[1m[vite][22m[39m [32mhmr update [39m[2m/src/pages/Events.jsx, /src/index.css[22m
[2m3:16:52 AM[22m [36m[1m[vite][22m[39m [32mhmr update [39m[2m/src/pages/Events.jsx, /src/index.css[22m
[2m3:17:00 AM[22m [36m[1m[vite][22m[39m [32mhmr update [39m[2m/src/pages/Vendors.jsx, /src/index.css[22m
[2m3:17:00 AM[22m [36m[1m[vite][22m[39m [32mhmr update [39m[2m/src/pages/Vendors.jsx, /src/index.css[22m
[2m3:17:02 AM[22m [36m[1m[vite][22m[39m [32mhmr update [39m[2m/src/pages/Vendors.jsx, /src/index.css[22m
[2m3:17:02 AM[22m [36m[1m[vite][22m[39m [32mhmr update [39m[2m/src/pages/Vendors.jsx, /src/index.css[22m
[2m3:17:42 AM[22m [36m[1m[vite][22m[39m [32mhmr update [39m[2m/src/pages/Ticketing.jsx, /src/index.css[22m
[2m3:17:45 AM[22m [36m[1m[vite][22m[39m [32mhmr update [39m[2m/src/pages/Ticketing.jsx, /src/index.css[22m
[2m3:17:46 AM[22m [36m[1m[vite][22m[39m [32mhmr update [39m[2m/src/pages/Ticketing.jsx, /src/index.css[22m
[2m3:18:31 AM[22m [36m[1m[vite][22m[39m [32mhmr update [39m[2m/src/pages/Ticketing.jsx, /src/index.css[22m
[2m3:18:38 AM[22m [36m[1m[vite][22m[39m [32mhmr update [39m[2m/src/pages/Ticketing.jsx, /src/index.css[22m
[2m3:18:38 AM[22m [36m[1m[vite][22m[39m [32mhmr update [39m[2m/src/pages/Vendors.jsx, /src/index.css[22m
[2m3:18:38 AM[22m [36m[1m[vite][22m[39m [32mhmr update [39m[2m/src/pages/Vendors.jsx, /src/index.css[22m
[2m3:18:39 AM[22m [36m[1m[vite][22m[39m [32mhmr update [39m[2m/src/pages/Vendors.jsx, /src/index.css[22m
[2m3:18:40 AM[22m [36m[1m[vite][22m[39m [32mhmr update [39m[2m/src/pages/Vendors.jsx, /src/index.css[22m
[2m3:19:09 AM[22m [36m[1m[vite][22m[39m [32mhmr update [39m[2m/src/pages/Vendors.jsx, /src/index.css[22m
[2m3:19:35 AM[22m [36m[1m[vite][22m[39m [32mhmr update [39m[2m/src/pages/Ticketing.jsx, /src/index.css[22m
[2m3:19:35 AM[22m [36m[1m[vite][22m[39m [32mhmr update [39m[2m/src/pages/Vendors.jsx, /src/index.css[22m
[2m3:29:23 AM[22m [36m[1m[vite][22m[39m [32mhmr update [39m[2m/src/store/DataContext.jsx, /src/index.css[22m
[2m3:29:41 AM[22m [36m[1m[vite][22m[39m [32mhmr update [39m[2m/src/store/DataContext.jsx, /src/index.css[22m
[2m3:29:45 AM[22m [36m[1m[vite][22m[39m [32mhmr update [39m[2m/src/pages/Reports.jsx, /src/index.css[22m
[2m3:29:56 AM[22m [36m[1m[vite][22m[39m [32mhmr update [39m[2m/src/pages/Reports.jsx, /src/index.css[22m
[2m3:30:11 AM[22m [36m[1m[vite][22m[39m [32mhmr update [39m[2m/src/components/DemoWizard.jsx, /src/index.css[22m
[2m3:30:32 AM[22m [36m[1m[vite][22m[39m [32mhmr update [39m[2m/src/components/DemoWizard.jsx, /src/index.css[22m
